// Jest Snapshot v1, https://goo.gl/fbAQLP

exports[`Prueba unitaria en el componente <GifGridItem /> Debe mostrar el componente correctamente 1`] = `
<div
  className="card animate__animated animate__backInRight"
>
  <img
    alt="Título del Gif"
    src="https://localhost/algo.jpg"
  />
  <p>
    Título del Gif
  </p>
</div>
`;
